// Jest Snapshot v1, https://goo.gl/fbAQLP

exports[`renders correctly 1`] = `
<View>
  <TextInput
    allowFontScaling={true}
    onChangeText={[Function]}
    rejectResponderTermination={true}
    style={
      Object {
        "borderColor": "gray",
        "borderRadius": 10,
        "borderWidth": 1,
        "height": 40,
        "padding": 10,
      }
    }
    underlineColorAndroid="transparent"
  />
  <Text />
</View>
`;
